// Jest Snapshot v1, https://goo.gl/fbAQLP

exports[`Search renders correctly 1`] = `
<div
  className="search"
>
  <form
    action=""
    className="form-group"
  >
    <input
      className="form-control search__input"
      data-search="searchFilms"
      placeholder="Search"
      type="text"
    />
    <button
      className="btn btn-lg search__btn"
      onClick={[Function]}
      type="submit"
    >
      Search
    </button>
  </form>
</div>
`;
